445 Lint warnings found.
[GRT-0097] No global routing found for nets.
[GRT-0097] No global routing found for nets.
[RSZ-0062] Unable to repair all setup violations.
[GRT-0097] No global routing found for nets.
[RSZ-0062] Unable to repair all setup violations.
[DRT-0349] LEF58_ENCLOSURE with no CUTCLASS is not supported. Skipping for layer mcon
[DRT-0349] LEF58_ENCLOSURE with no CUTCLASS is not supported. Skipping for layer mcon
[DRT-0349] LEF58_ENCLOSURE with no CUTCLASS is not supported. Skipping for layer via
[DRT-0349] LEF58_ENCLOSURE with no CUTCLASS is not supported. Skipping for layer via
[DRT-0349] LEF58_ENCLOSURE with no CUTCLASS is not supported. Skipping for layer via2
[DRT-0349] LEF58_ENCLOSURE with no CUTCLASS is not supported. Skipping for layer via2
[DRT-0349] LEF58_ENCLOSURE with no CUTCLASS is not supported. Skipping for layer via3
[DRT-0349] LEF58_ENCLOSURE with no CUTCLASS is not supported. Skipping for layer via3
[DRT-0349] LEF58_ENCLOSURE with no CUTCLASS is not supported. Skipping for layer via4
[DRT-0349] LEF58_ENCLOSURE with no CUTCLASS is not supported. Skipping for layer via4
[DRT-0120] Large net net2782 has 107 pins which may impact routing performance. Consider optimization.
[DRT-0120] Large net net2994 has 145 pins which may impact routing performance. Consider optimization.
[DRT-0120] Large net net2995 has 114 pins which may impact routing performance. Consider optimization.
[DRT-0120] Large net net2996 has 134 pins which may impact routing performance. Consider optimization.
[DRT-0120] Large net net2997 has 146 pins which may impact routing performance. Consider optimization.
[DRT-0120] Large net net2999 has 140 pins which may impact routing performance. Consider optimization.
[DRT-0120] Large net net3000 has 167 pins which may impact routing performance. Consider optimization.
[DRT-0120] Large net net3001 has 124 pins which may impact routing performance. Consider optimization.
[DRT-0120] Large net net3002 has 141 pins which may impact routing performance. Consider optimization.
[DRT-0120] Large net net3004 has 107 pins which may impact routing performance. Consider optimization.
[DRT-0120] Large net net3005 has 116 pins which may impact routing performance. Consider optimization.
[DRT-0120] Large net net3006 has 103 pins which may impact routing performance. Consider optimization.
[DRT-0120] Large net net3009 has 138 pins which may impact routing performance. Consider optimization.
[DRT-0120] Large net net3010 has 102 pins which may impact routing performance. Consider optimization.
[DRT-0120] Large net net3013 has 136 pins which may impact routing performance. Consider optimization.
[DRT-0120] Large net net3022 has 128 pins which may impact routing performance. Consider optimization.
[DRT-0120] Large net net3023 has 135 pins which may impact routing performance. Consider optimization.
[DRT-0120] Large net net3026 has 155 pins which may impact routing performance. Consider optimization.
[DRT-0120] Large net net3027 has 134 pins which may impact routing performance. Consider optimization.
[DRT-0120] Large net net3029 has 145 pins which may impact routing performance. Consider optimization.
[DRT-0120] Large net net10750 has 145 pins which may impact routing performance. Consider optimization.
Threshold for Threshold-surpassing long wires is not set. The checker will be skipped.
