Using SPARSE 1.3 as Direct Linear Solver

Note: No compatibility mode selected!


Circuit: Memcapacitive Crossbar 128x128 Full Characterisation

Doing analysis at TEMP = 27.000000 and TNOM = 27.000000


Initial Transient Solution
--------------------------

Node                                   Voltage
----                                   -------
vin                                          0
col_node                                     0
vstep#branch                                 0


No. of Data Rows : 20017

  Measurements for Transient Analysis


Error: measure  v_drive_avg  avg(TRIG) : no such vector as 'v(vin,col_node)'
 .measure tran v_drive_avg avg v(vin,col_node) from=0 to=10n failed!


Error: measure  v_drive_peak  max(TRIG) : no such vector as 'v(vin,col_node)'
 .measure tran v_drive_peak max v(vin,col_node) from=0 to=200p failed!

t_10                =   3.59475e-12
t_90                =   1.80135e-11
t_99                =   3.33804e-11
t_rise              =  1.441878e-11 targ=  1.801353e-11 trig=  3.594753e-12
v_col_static        =  1.482073e-311 from=  1.800000e-08 to=  2.000000e-08
v_col_avg           =  1.788982e+00 from=  0.000000e+00 to=  1.000050e-08

Warning from checkvalid: vector t_10 is not available or has zero length.
Warning from checkvalid: vector t_90 is not available or has zero length.
Error: RHS "(t_90 - t_10) / log(9)" invalid
Warning from checkvalid: vector tau is not available or has zero length.
Error: RHS "1 / (2 * 3.14159265 * tau) / 1e9" invalid
Warning from checkvalid: vector tau is not available or has zero length.
Error: RHS "(1e-9 - tau) * 1e12" invalid
Warning from checkvalid: vector tau is not available or has zero length.
Error: RHS "tau * 1e12" invalid
Warning from checkvalid: vector tau_ps is not available or has zero length.
Warning from checkvalid: vector t_99 is not available or has zero length.
Error: RHS "t_99 * 1e12" invalid
Warning from checkvalid: vector t99_ps is not available or has zero length.
Warning from checkvalid: vector bw_ghz is not available or has zero length.
Warning from checkvalid: vector margin_1ghz_ps is not available or has zero length.
Warning from checkvalid: vector margin_1ghz_ps is not available or has zero length.
Warning from checkvalid: vector v_drive_avg is not available or has zero length.
Error: RHS "v_drive_avg * v_drive_avg / r_eff" invalid
Warning from checkvalid: vector v_drive_peak is not available or has zero length.
Error: RHS "v_drive_peak * v_drive_peak / r_eff" invalid
Warning from checkvalid: vector v_col_static is not available or has zero length.
Error: RHS "v_col_static * v_col_static * g_shunt" invalid
Warning from checkvalid: vector p_drive_avg is not available or has zero length.
Error: RHS "p_drive_avg * 128 * 1e6" invalid
Warning from checkvalid: vector p_drive_peak is not available or has zero length.
Error: RHS "p_drive_peak * 128 * 1e3" invalid
Warning from checkvalid: vector p_static_col is not available or has zero length.
Error: RHS "p_static_col * 128 * 1e6" invalid
Warning from checkvalid: vector p_avg_array_uw is not available or has zero length.
Warning from checkvalid: vector p_peak_array_mw is not available or has zero length.
Warning from checkvalid: vector p_static_array_uw is not available or has zero length.
Warning from checkvalid: vector p_avg_array_uw is not available or has zero length.
Error: RHS "p_avg_array_uw / (area_mm2 * 1000)" invalid
Warning from checkvalid: vector p_density_mw_mm2 is not available or has zero length.

=== 128x128 ARRAY: TIMING ===
tau_RC [ps]:
t99 [ps]:
Bandwidth [GHz]:
Margin at 1GHz [ps]:
SETTLING @1GHz: FAIL

=== 128x128 ARRAY: POWER (one column) ===
Average power full array [uW]:
Peak power full array [mW]:
Static leakage full array [uW]:

=== 128x128 ARRAY: POWER DENSITY ===
Array area = 16384 um^2 = 0.016384 mm^2
Power density (avg) [mW/mm^2]:

=== 128x128 ARRAY: ROUTING ===
Row wire length/row [um]: 128
Col wire length/col [um]: 128
Total row wire [um]: 16384
Total col wire [um]: 16384
Total inteUsing SPARSE 1.3 as Direct Linear Solver
rconnect [mm]: 32.768
Row wire R/row [Ohm]:
row_r = 1.280000e+01
Col wire R/col [Ohm]:
col_r = 1.280000e+01
Row wire C/row [fF]:
row_c_ff = 2.560000e+01
Col wire C/col [fF]:
col_c_ff = 2.560000e+01
SPICE_DONE
Doing analysis at TEMP = 27.000000 and TNOM = 27.000000


Initial Transient Solution
--------------------------

Node                                   Voltage
----                                   -------
vin                                          0
col_node                                     0
vstep#branch                                 0


No. of Data Rows : 20017

  Measurements for Transient Analysis


Error: measure  v_drive_avg  avg(TRIG) : no such vector as 'v(vin,col_node)'
 .measure tran v_drive_avg avg v(vin,col_node) from=0 to=10n failed!


Error: measure  v_drive_peak  max(TRIG) : no such vector as 'v(vin,col_node)'
 .measure tran v_drive_peak max v(vin,col_node) from=0 to=200p failed!

t_10                =   3.59475e-12
t_90                =   1.80135e-11
t_99                =   3.33804e-11
t_rise              =  1.441878e-11 targ=  1.801353e-11 trig=  3.594753e-12
v_col_static        =  1.482073e-311 from=  1.800000e-08 to=  2.000000e-08
v_col_avg           =  1.788982e+00 from=  0.000000e+00 to=  1.000050e-08


Total analysis time (seconds) = 0.111

Total elapsed time (seconds) = 0.376 

Total DRAM available = 7652.137 MB.
DRAM currently available = 6453.629 MB.
Maximum ngspice program size =   22.547 MB.
Current ngspice program size =   13.500 MB.

Shared ngspice pages =   10.500 MB.
Text (code) pages =    6.156 MB.
Stack = 0 bytes.
Library pages =    3.312 MB.

